ssh root@192.168.250.247
mm:online


[pss@localhost Desktop]$ ifconfig
em1: flags=4163<UP,BROADCAST,RUNNING,MULTICAST>  mtu 1500
        inet 192.168.37.121  netmask 255.255.255.0  broadcast 192.168.37.255
        inet6 2401:de00:1:2037:6600:6aff:fe58:4f87  prefixlen 64  scopeid 0x0<global>
        inet6 fe80::6600:6aff:fe58:4f87  prefixlen 64  scopeid 0x20<link>
        ether 64:00:6a:58:4f:87  txqueuelen 1000  (Ethernet)
        RX packets 21815  bytes 2128758 (2.0 MiB)
        RX errors 0  dropped 0  overruns 0  frame 0
        TX packets 435  bytes 44043 (43.0 KiB)
        TX errors 0  dropped 0 overruns 0  carrier 0  collisions 0
        device interrupt 20  memory 0xf7d00000-f7d20000  

lo: flags=73<UP,LOOPBACK,RUNNING>  mtu 65536
        inet 127.0.0.1  netmask 255.0.0.0
        inet6 ::1  prefixlen 128  scopeid 0x10<host>
        loop  txqueuelen 0  (Local Loopback)
        RX packets 29  bytes 2725 (2.6 KiB)
        RX errors 0  dropped 0  overruns 0  frame 0
        TX packets 29  bytes 2725 (2.6 KiB)
        TX errors 0  dropped 0 overruns 0  carrier 0  collisions 0

virbr0: flags=4099<UP,BROADCAST,MULTICAST>  mtu 1500
        inet 192.168.122.1  netmask 255.255.255.0  broadcast 192.168.122.255
        ether 52:54:00:da:14:f8  txqueuelen 0  (Ethernet)
        RX packets 0  bytes 0 (0.0 B)
        RX errors 0  dropped 0  overruns 0  frame 0
        TX packets 0  bytes 0 (0.0 B)
        TX errors 0  dropped 0 overruns 0  carrier 0  collisions 0

[pss@localhost Desktop]$ 
[pss@localhost Desktop]$ 
[pss@localhost Desktop]$ 
[pss@localhost Desktop]$ 
[pss@localhost Desktop]$ 
[pss@localhost Desktop]$ 
[pss@localhost Desktop]$ 
[pss@localhost Desktop]$ vim /etc/sysconfig/network
network          network-scripts/ 
[pss@localhost Desktop]$ vim /etc/sysconfig/network
network          network-scripts/ 
[pss@localhost Desktop]$ vim /etc/sysconfig/network-scripts/
ifcfg-em1               ifdown-Team             ifup-post
ifcfg-lo                ifdown-TeamPort         ifup-ppp
ifdown                  ifdown-tunnel           ifup-routes
ifdown-bnep             ifup                    ifup-sit
ifdown-eth              ifup-aliases            ifup-Team
ifdown-ib               ifup-bnep               ifup-TeamPort
ifdown-ippp             ifup-eth                ifup-tunnel
ifdown-ipv6             ifup-ib                 ifup-wireless
ifdown-isdn             ifup-ippp               init.ipv6-global
ifdown-post             ifup-ipv6               network-functions
ifdown-ppp              ifup-isdn               network-functions-ipv6
ifdown-routes           ifup-plip               
ifdown-sit              ifup-plusb              
[pss@localhost Desktop]$ vim /etc/sysconfig/network-scripts/ifcfg-em1 
[pss@localhost Desktop]$ su
Password: 
[root@localhost Desktop]# vim /etc/sysconfig/network-scripts/ifcfg-em1
[root@localhost Desktop]# 
[root@localhost Desktop]# 
[root@localhost Desktop]# service network restart
Restarting network (via systemctl):                        [  OK  ]
[root@localhost Desktop]# 
[root@localhost Desktop]# 
[root@localhost Desktop]# ping 192.168.250.247
PING 192.168.250.247 (192.168.250.247) 56(84) bytes of data.
64 bytes from 192.168.250.247: icmp_seq=1 ttl=63 time=0.190 ms
64 bytes from 192.168.250.247: icmp_seq=2 ttl=63 time=0.224 ms
^C
--- 192.168.250.247 ping statistics ---
2 packets transmitted, 2 received, 0% packet loss, time 999ms
rtt min/avg/max/mdev = 0.190/0.207/0.224/0.017 ms
[root@localhost Desktop]# exit
exit
[pss@localhost Desktop]$ 
[pss@localhost Desktop]$ 
[pss@localhost Desktop]$ ssh root@192.168.250.247
The authenticity of host '192.168.250.247 (192.168.250.247)' can't be established.
ECDSA key fingerprint is 0a:70:fa:07:3f:8b:51:cd:31:38:05:21:98:8f:6d:28.
Are you sure you want to continue connecting (yes/no)? yes
Warning: Permanently added '192.168.250.247' (ECDSA) to the list of known hosts.




^C
[pss@localhost Desktop]$ ssh root@192.168.250.247
root@192.168.250.247's password: 

[pss@localhost Desktop]$ ssh root@192.168.250.247
root@192.168.250.247's password: 
Last login: Fri Dec 15 02:48:20 2017 from 192.168.1.202
[root@daq02-2 ~]# ls
anaconda-ks.cfg   Desktop    Downloads  Pictures  Templates  Videos
CentOS-Base.repo  Documents  Music      Public    untitled
[root@daq02-2 ~]# cd Downloads/
[root@daq02-2 Downloads]# ls
IHEP_dec2017_gemroc  makefile.tar          Socket_test
makefile             shuang2years old.zip  SSS.tar
[root@daq02-2 Downloads]# cd IHEP_dec2017_gemroc/
[root@daq02-2 IHEP_dec2017_gemroc]# ls
default_ch_cfg_mainz.txt  GEMconf_classes.pyc
default_g_cfg_mainz.txt   GEM_detector_configurator_TIGER_GEMROC_FEB0_v20.py
FEB0_bin.dat              GEMROC_2_def_cfg_v20.txt
FEB0_data.txt             tiger0_cfg_log.txt
GEMconf_classes.py        TIGER_DATA_consumer_ascii_bin_Mainz.py
[root@daq02-2 IHEP_dec2017_gemroc]# cd ..
[root@daq02-2 Downloads]# \
> 
[root@daq02-2 Downloads]# 
[root@daq02-2 Downloads]# 
[root@daq02-2 Downloads]# ls
IHEP_dec2017_gemroc  makefile.tar          Socket_test
makefile             shuang2years old.zip  SSS.tar
[root@daq02-2 Downloads]# 
[root@daq02-2 Downloads]# 
[root@daq02-2 Downloads]# tar -jxvf IHEP_dec2017_gemroc/ 
tar (child): IHEP_dec2017_gemroc/: Cannot read: Is a directory
tar (child): At beginning of tape, quitting now
tar (child): Error is not recoverable: exiting now

bzip2: Compressed file ends unexpectedly;
	perhaps it is corrupted?  *Possible* reason follows.
bzip2: Inappropriate ioctl for device
	Input file = (stdin), output file = (stdout)

It is possible that the compressed file(s) have become corrupted.
You can use the -tvv option to test integrity of such files.

You can use the `bzip2recover' program to attempt to recover
data from undamaged sections of corrupted files.

tar: Child returned status 2
tar: Error is not recoverable: exiting now
[root@daq02-2 Downloads]# tar -jvf IHEP_dec2017_gemroc/ 
tar: You must specify one of the `-Acdtrux' or `--test-label'  options
Try `tar --help' or `tar --usage' for more information.
[root@daq02-2 Downloads]# ls
IHEP_dec2017_gemroc  makefile.tar          Socket_test
makefile             shuang2years old.zip  SSS.tar
[root@daq02-2 Downloads]# cd IHEP_dec2017_gemroc/
[root@daq02-2 IHEP_dec2017_gemroc]# ll
total 148
-rw-r--r--. 1 root root    90 Dec 15 02:48 default_ch_cfg_mainz.txt
-rw-r--r--. 1 root root   125 Dec 15 02:48 default_g_cfg_mainz.txt
-rw-r--r--. 1 root root  1152 Dec 22 03:14 FEB0_bin.dat
-rw-r--r--. 1 root root 13664 Dec 22 03:14 FEB0_data.txt
-rw-r--r--. 1 root root 51934 Dec 15 02:48 GEMconf_classes.py
-rw-r--r--. 1 root root 21672 Dec 15 02:49 GEMconf_classes.pyc
-rw-r--r--. 1 root root 28678 Dec 15 03:23 GEM_detector_configurator_TIGER_GEMROC_FEB0_v20.py
-rw-r--r--. 1 root root   143 Dec 15 02:48 GEMROC_2_def_cfg_v20.txt
-rw-r--r--. 1 root root  3448 Dec 22 03:13 tiger0_cfg_log.txt
-rw-r--r--. 1 root root  3244 Dec 15 02:48 TIGER_DATA_consumer_ascii_bin_Mainz.py
[root@daq02-2 IHEP_dec2017_gemroc]# python GEM_detector_configurator_TIGER_GEMROC_FEB0_v20.py
Traceback (most recent call last):
  File "GEM_detector_configurator_TIGER_GEMROC_FEB0_v20.py", line 40, in <module>
    clientSock.bind((HOST_IP, HOST_PORT))
  File "/usr/lib64/python2.7/socket.py", line 224, in meth
    return getattr(self._sock,name)(*args)
socket.error: [Errno 99] Cannot assign requested address
[root@daq02-2 IHEP_dec2017_gemroc]# python GEM_detector_configurator_TIGER_GEMROC_FEB0_v20.py
Traceback (most recent call last):
  File "GEM_detector_configurator_TIGER_GEMROC_FEB0_v20.py", line 40, in <module>
    clientSock.bind((HOST_IP, HOST_PORT))
  File "/usr/lib64/python2.7/socket.py", line 224, in meth
    return getattr(self._sock,name)(*args)
socket.error: [Errno 99] Cannot assign requested address
[root@daq02-2 IHEP_dec2017_gemroc]# python GEM_detector_configurator_TIGER_GEMROC_FEB0_v20.py
8D02000B
3FFFFFF0
3FFFFFF0
3FFFFFF0
3FFFFFF0
3F040001
16600600
3FF30800
01000003
00000000
00010800
8D02000B
3FFFFFF0
3FFFFFF0
3FFFFFF0
3FFFFFF0
3F040001
16600600
3FF30800
01000003
00000000
00010800
8D02000B
3FFFFFF0
3FFFFFF0
3FFFFFF0
3FFFFFF0
3F040001
16600600
3FF30800
01000003
00000000
00010800
8E020009
01020200
00000000
00010000
01060601
00000000
0000000A
1F000000
00000000
00000043
8E020009
01020200
00000000
00010000
01060601
00000000
0000000A
1F000000
00010000
00000003
8E020009
01020200
00000000
00010000
01060601
00000000
0000000A
1F000000
00000000
00000143
8E020009
01020200
00000000
00010000
01060601
00000000
0000000A
1F000000
00010000
00000103
8E020009
00000000
00000000
00000000
00000000
00000000
00000000
00000000
00000000
00000803
8E020009
00000000
00000000
00000000
00000000
00000000
00000000
00000000
00000000
00000903
8D02000B
00000000
00000000
00000000
00000000
00000000
00000000
00000000
00000000
00000000
00011800
8D02000B
00000000
00000000
00000000
00000000
00000000
00000000
00000000
00000000
00000000
00011800
8D02000B
00000000
00000000
00000000
00000000
00000000
00000000
00000000
00000000
00000000
00012000
8D02000B
00000000
00000000
00000000
00000000
00000000
00000000
00000000
00000000
00000000
00012000
8D02000B
3FFFFFF0
3FFFFFF0
3FFFFFF0
3FFFFFF0
3F060001
166F0600
3FF50800
00800003
00000000
00010800
8D02000B
3FFFFFF0
3FFFFFF0
3FFFFFF0
3FFFFFF0
3F060001
166F0600
3FF50800
00800003
00000000
00010800
gemroc_cmd_settings gemroc_cmd_settings destroyed
g_reg_settings g_reg_settings destroyed
ch_reg_settings ch_reg_settings destroyed
[root@daq02-2 IHEP_dec2017_gemroc]# ll
total 148
-rw-r--r--. 1 root root    90 Dec 15 02:48 default_ch_cfg_mainz.txt
-rw-r--r--. 1 root root   125 Dec 15 02:48 default_g_cfg_mainz.txt
-rw-r--r--. 1 root root  1152 Dec 22 03:14 FEB0_bin.dat
-rw-r--r--. 1 root root 13664 Dec 22 03:14 FEB0_data.txt
-rw-r--r--. 1 root root 51934 Dec 15 02:48 GEMconf_classes.py
-rw-r--r--. 1 root root 21672 Dec 15 02:49 GEMconf_classes.pyc
-rw-r--r--. 1 root root 28678 Dec 15 03:23 GEM_detector_configurator_TIGER_GEMROC_FEB0_v20.py
-rw-r--r--. 1 root root   143 Dec 15 02:48 GEMROC_2_def_cfg_v20.txt
-rw-r--r--. 1 root root  3448 Dec 22 03:33 tiger0_cfg_log.txt
-rw-r--r--. 1 root root  3244 Dec 15 02:48 TIGER_DATA_consumer_ascii_bin_Mainz.py
[root@daq02-2 IHEP_dec2017_gemroc]# python TIGER_DATA_consumer_ascii_bin_Mainz.py
after bind....
finished writing file
[root@daq02-2 IHEP_dec2017_gemroc]# exit
logout
Connection to 192.168.250.247 closed.
[pss@localhost Desktop]$ 
[pss@localhost Desktop]$ ifconfig
em1: flags=4163<UP,BROADCAST,RUNNING,MULTICAST>  mtu 1500
        inet 192.168.37.121  netmask 255.255.255.0  broadcast 192.168.37.255
        inet6 2401:de00:1:2037:6600:6aff:fe58:4f87  prefixlen 64  scopeid 0x0<global>
        inet6 fe80::6600:6aff:fe58:4f87  prefixlen 64  scopeid 0x20<link>
        ether 64:00:6a:58:4f:87  txqueuelen 1000  (Ethernet)
        RX packets 21815  bytes 2128758 (2.0 MiB)
        RX errors 0  dropped 0  overruns 0  frame 0
        TX packets 435  bytes 44043 (43.0 KiB)
        TX errors 0  dropped 0 overruns 0  carrier 0  collisions 0
        device interrupt 20  memory 0xf7d00000-f7d20000  

lo: flags=73<UP,LOOPBACK,RUNNING>  mtu 65536
        inet 127.0.0.1  netmask 255.0.0.0
        inet6 ::1  prefixlen 128  scopeid 0x10<host>
        loop  txqueuelen 0  (Local Loopback)
        RX packets 29  bytes 2725 (2.6 KiB)
        RX errors 0  dropped 0  overruns 0  frame 0
        TX packets 29  bytes 2725 (2.6 KiB)
        TX errors 0  dropped 0 overruns 0  carrier 0  collisions 0

virbr0: flags=4099<UP,BROADCAST,MULTICAST>  mtu 1500
        inet 192.168.122.1  netmask 255.255.255.0  broadcast 192.168.122.255
        ether 52:54:00:da:14:f8  txqueuelen 0  (Ethernet)
        RX packets 0  bytes 0 (0.0 B)
        RX errors 0  dropped 0  overruns 0  frame 0
        TX packets 0  bytes 0 (0.0 B)
        TX errors 0  dropped 0 overruns 0  carrier 0  collisions 0

[pss@localhost Desktop]$ 
[pss@localhost Desktop]$ 
[pss@localhost Desktop]$ 
[pss@localhost Desktop]$ 
[pss@localhost Desktop]$ 
[pss@localhost Desktop]$ 
[pss@localhost Desktop]$ 
[pss@localhost Desktop]$ vim /etc/sysconfig/network
network          network-scripts/ 
[pss@localhost Desktop]$ vim /etc/sysconfig/network
network          network-scripts/ 
[pss@localhost Desktop]$ vim /etc/sysconfig/network-scripts/
ifcfg-em1               ifdown-Team             ifup-post
ifcfg-lo                ifdown-TeamPort         ifup-ppp
ifdown                  ifdown-tunnel           ifup-routes
ifdown-bnep             ifup                    ifup-sit
ifdown-eth              ifup-aliases            ifup-Team
ifdown-ib               ifup-bnep               ifup-TeamPort
ifdown-ippp             ifup-eth                ifup-tunnel
ifdown-ipv6             ifup-ib                 ifup-wireless
ifdown-isdn             ifup-ippp               init.ipv6-global
ifdown-post             ifup-ipv6               network-functions
ifdown-ppp              ifup-isdn               network-functions-ipv6
ifdown-routes           ifup-plip               
ifdown-sit              ifup-plusb              
[pss@localhost Desktop]$ vim /etc/sysconfig/network-scripts/ifcfg-em1 
[pss@localhost Desktop]$ su
Password: 
[root@localhost Desktop]# vim /etc/sysconfig/network-scripts/ifcfg-em1
[root@localhost Desktop]# 
[root@localhost Desktop]# 
[root@localhost Desktop]# service network restart
Restarting network (via systemctl):                        [  OK  ]
[root@localhost Desktop]# 
[root@localhost Desktop]# 
[root@localhost Desktop]# ping 192.168.250.247
PING 192.168.250.247 (192.168.250.247) 56(84) bytes of data.
64 bytes from 192.168.250.247: icmp_seq=1 ttl=63 time=0.190 ms
64 bytes from 192.168.250.247: icmp_seq=2 ttl=63 time=0.224 ms
^C
--- 192.168.250.247 ping statistics ---
2 packets transmitted, 2 received, 0% packet loss, time 999ms
rtt min/avg/max/mdev = 0.190/0.207/0.224/0.017 ms
[root@localhost Desktop]# exit
exit
[pss@localhost Desktop]$ 
[pss@localhost Desktop]$ 
[pss@localhost Desktop]$ ssh root@192.168.250.247
The authenticity of host '192.168.250.247 (192.168.250.247)' can't be established.
ECDSA key fingerprint is 0a:70:fa:07:3f:8b:51:cd:31:38:05:21:98:8f:6d:28.
Are you sure you want to continue connecting (yes/no)? yes
Warning: Permanently added '192.168.250.247' (ECDSA) to the list of known hosts.




^C
[pss@localhost Desktop]$ ssh root@192.168.250.247
root@192.168.250.247's password: 

[pss@localhost Desktop]$ ssh root@192.168.250.247
root@192.168.250.247's password: 
Last login: Fri Dec 15 02:48:20 2017 from 192.168.1.202
[root@daq02-2 ~]# ls
anaconda-ks.cfg   Desktop    Downloads  Pictures  Templates  Videos
CentOS-Base.repo  Documents  Music      Public    untitled
[root@daq02-2 ~]# cd Downloads/
[root@daq02-2 Downloads]# ls
IHEP_dec2017_gemroc  makefile.tar          Socket_test
makefile             shuang2years old.zip  SSS.tar
[root@daq02-2 Downloads]# cd IHEP_dec2017_gemroc/
[root@daq02-2 IHEP_dec2017_gemroc]# ls
default_ch_cfg_mainz.txt  GEMconf_classes.pyc
default_g_cfg_mainz.txt   GEM_detector_configurator_TIGER_GEMROC_FEB0_v20.py
FEB0_bin.dat              GEMROC_2_def_cfg_v20.txt
FEB0_data.txt             tiger0_cfg_log.txt
GEMconf_classes.py        TIGER_DATA_consumer_ascii_bin_Mainz.py
[root@daq02-2 IHEP_dec2017_gemroc]# cd ..
[root@daq02-2 Downloads]# \
> 
[root@daq02-2 Downloads]# 
[root@daq02-2 Downloads]# 
[root@daq02-2 Downloads]# ls
IHEP_dec2017_gemroc  makefile.tar          Socket_test
makefile             shuang2years old.zip  SSS.tar
[root@daq02-2 Downloads]# 
[root@daq02-2 Downloads]# 
[root@daq02-2 Downloads]# tar -jxvf IHEP_dec2017_gemroc/ 
tar (child): IHEP_dec2017_gemroc/: Cannot read: Is a directory
tar (child): At beginning of tape, quitting now
tar (child): Error is not recoverable: exiting now

bzip2: Compressed file ends unexpectedly;
	perhaps it is corrupted?  *Possible* reason follows.
bzip2: Inappropriate ioctl for device
	Input file = (stdin), output file = (stdout)

It is possible that the compressed file(s) have become corrupted.
You can use the -tvv option to test integrity of such files.

You can use the `bzip2recover' program to attempt to recover
data from undamaged sections of corrupted files.

tar: Child returned status 2
tar: Error is not recoverable: exiting now
[root@daq02-2 Downloads]# tar -jvf IHEP_dec2017_gemroc/ 
tar: You must specify one of the `-Acdtrux' or `--test-label'  options
Try `tar --help' or `tar --usage' for more information.
[root@daq02-2 Downloads]# ls
IHEP_dec2017_gemroc  makefile.tar          Socket_test
makefile             shuang2years old.zip  SSS.tar
[root@daq02-2 Downloads]# cd IHEP_dec2017_gemroc/
[root@daq02-2 IHEP_dec2017_gemroc]# ll
total 148
-rw-r--r--. 1 root root    90 Dec 15 02:48 default_ch_cfg_mainz.txt
-rw-r--r--. 1 root root   125 Dec 15 02:48 default_g_cfg_mainz.txt
-rw-r--r--. 1 root root  1152 Dec 22 03:14 FEB0_bin.dat
-rw-r--r--. 1 root root 13664 Dec 22 03:14 FEB0_data.txt
-rw-r--r--. 1 root root 51934 Dec 15 02:48 GEMconf_classes.py
-rw-r--r--. 1 root root 21672 Dec 15 02:49 GEMconf_classes.pyc
-rw-r--r--. 1 root root 28678 Dec 15 03:23 GEM_detector_configurator_TIGER_GEMROC_FEB0_v20.py
-rw-r--r--. 1 root root   143 Dec 15 02:48 GEMROC_2_def_cfg_v20.txt
-rw-r--r--. 1 root root  3448 Dec 22 03:13 tiger0_cfg_log.txt
-rw-r--r--. 1 root root  3244 Dec 15 02:48 TIGER_DATA_consumer_ascii_bin_Mainz.py
[root@daq02-2 IHEP_dec2017_gemroc]# python GEM_detector_configurator_TIGER_GEMROC_FEB0_v20.py
Traceback (most recent call last):
  File "GEM_detector_configurator_TIGER_GEMROC_FEB0_v20.py", line 40, in <module>
    clientSock.bind((HOST_IP, HOST_PORT))
  File "/usr/lib64/python2.7/socket.py", line 224, in meth
    return getattr(self._sock,name)(*args)
socket.error: [Errno 99] Cannot assign requested address
[root@daq02-2 IHEP_dec2017_gemroc]# python GEM_detector_configurator_TIGER_GEMROC_FEB0_v20.py
Traceback (most recent call last):
  File "GEM_detector_configurator_TIGER_GEMROC_FEB0_v20.py", line 40, in <module>
    clientSock.bind((HOST_IP, HOST_PORT))
  File "/usr/lib64/python2.7/socket.py", line 224, in meth
    return getattr(self._sock,name)(*args)
socket.error: [Errno 99] Cannot assign requested address
[root@daq02-2 IHEP_dec2017_gemroc]# python GEM_detector_configurator_TIGER_GEMROC_FEB0_v20.py
8D02000B
3FFFFFF0
3FFFFFF0
3FFFFFF0
3FFFFFF0
3F040001
16600600
3FF30800
01000003
00000000
00010800
8D02000B
3FFFFFF0
3FFFFFF0
3FFFFFF0
3FFFFFF0
3F040001
16600600
3FF30800
01000003
00000000
00010800
8D02000B
3FFFFFF0
3FFFFFF0
3FFFFFF0
3FFFFFF0
3F040001
16600600
3FF30800
01000003
00000000
00010800
8E020009
01020200
00000000
00010000
01060601
00000000
0000000A
1F000000
00000000
00000043
8E020009
01020200
00000000
00010000
01060601
00000000
0000000A
1F000000
00010000
00000003
8E020009
01020200
00000000
00010000
01060601
00000000
0000000A
1F000000
00000000
00000143
8E020009
01020200
00000000
00010000
01060601
00000000
0000000A
1F000000
00010000
00000103
8E020009
00000000
00000000
00000000
00000000
00000000
00000000
00000000
00000000
00000803
8E020009
00000000
00000000
00000000
00000000
00000000
00000000
00000000
00000000
00000903
8D02000B
00000000
00000000
00000000
00000000
00000000
00000000
00000000
00000000
00000000
00011800
8D02000B
00000000
00000000
00000000
00000000
00000000
00000000
00000000
00000000
00000000
00011800
8D02000B
00000000
00000000
00000000
00000000
00000000
00000000
00000000
00000000
00000000
00012000
8D02000B
00000000
00000000
00000000
00000000
00000000
00000000
00000000
00000000
00000000
00012000
8D02000B
3FFFFFF0
3FFFFFF0
3FFFFFF0
3FFFFFF0
3F060001
166F0600
3FF50800
00800003
00000000
00010800
8D02000B
3FFFFFF0
3FFFFFF0
3FFFFFF0
3FFFFFF0
3F060001
166F0600
3FF50800
00800003
00000000
00010800
gemroc_cmd_settings gemroc_cmd_settings destroyed
g_reg_settings g_reg_settings destroyed
ch_reg_settings ch_reg_settings destroyed
[root@daq02-2 IHEP_dec2017_gemroc]# ll
total 148
-rw-r--r--. 1 root root    90 Dec 15 02:48 default_ch_cfg_mainz.txt
-rw-r--r--. 1 root root   125 Dec 15 02:48 default_g_cfg_mainz.txt
-rw-r--r--. 1 root root  1152 Dec 22 03:14 FEB0_bin.dat
-rw-r--r--. 1 root root 13664 Dec 22 03:14 FEB0_data.txt
-rw-r--r--. 1 root root 51934 Dec 15 02:48 GEMconf_classes.py
-rw-r--r--. 1 root root 21672 Dec 15 02:49 GEMconf_classes.pyc
-rw-r--r--. 1 root root 28678 Dec 15 03:23 GEM_detector_configurator_TIGER_GEMROC_FEB0_v20.py
-rw-r--r--. 1 root root   143 Dec 15 02:48 GEMROC_2_def_cfg_v20.txt
-rw-r--r--. 1 root root  3448 Dec 22 03:33 tiger0_cfg_log.txt
-rw-r--r--. 1 root root  3244 Dec 15 02:48 TIGER_DATA_consumer_ascii_bin_Mainz.py
[root@daq02-2 IHEP_dec2017_gemroc]# python TIGER_DATA_consumer_ascii_bin_Mainz.py
after bind....
finished writing file
[root@daq02-2 IHEP_dec2017_gemroc]# exit
logout
Connection to 192.168.250.247 closed.
[pss@localhost Desktop]$ 

